// Jest Snapshot v1, https://goo.gl/fbAQLP

exports[`render Child 1`] = `
.fjJDwN {
  width: 100%;
  height: 100%;
  position: absolute;
  left: 0;
  top: 0;
  -webkit-transform: rotate(deg);
  -ms-transform: rotate(deg);
  transform: rotate(deg);
}

.fjJDwN::before {
  content: '';
  display: block;
  margin: 0 auto;
  width: 15%;
  height: 15%;
  border-radius: 100%;
  -webkit-animation: evVlQQ 1.2s infinite ease-in-out both -s;
  animation: evVlQQ 1.2s infinite ease-in-out both -s;
}

<div
  className="sc-bdVaJa fjJDwN"
/>
`;

exports[`render without props 1`] = `
.cOEJmX {
  width: 40px;
  height: 40px;
  margin: 40px auto;
  position: relative;
}

.cOEJmX > .sc-bdVaJa::before {
  background-color: #333;
}

<div
  className="sc-bwzfXH cOEJmX"
  color="#333"
  size={40}
/>
`;
