// Jest Snapshot v1, https://goo.gl/fbAQLP

exports[`render Child 1`] = `
.c0 {
  width: 100%;
  height: 100%;
  border-radius: 50%;
  position: absolute;
  opacity: 0.6;
  top: 0;
  left: 0;
  -webkit-animation: eeCuoj 2s infinite ease-in-out;
  animation: eeCuoj 2s infinite ease-in-out;
}

<div
  className="c0"
/>
`;

exports[`render without props 1`] = `
.c0 {
  width: 40px;
  height: 40px;
  position: relative;
  margin: 40px auto;
}

.c0 > .c1 {
  background-color: #333;
}

<div
  className="c0"
  color="#333"
  size={40}
/>
`;
