// Jest Snapshot v1, https://goo.gl/fbAQLP

exports[`render without props 1`] = `
.c2 {
  width: 33.33%;
  height: 33.33%;
  float: left;
  -webkit-animation: gKRhTX 1.3s infinite ease-in-out 0.2s;
  animation: gKRhTX 1.3s infinite ease-in-out 0.2s;
}

.c3 {
  width: 33.33%;
  height: 33.33%;
  float: left;
  -webkit-animation: gKRhTX 1.3s infinite ease-in-out 0.3s;
  animation: gKRhTX 1.3s infinite ease-in-out 0.3s;
}

.c4 {
  width: 33.33%;
  height: 33.33%;
  float: left;
  -webkit-animation: gKRhTX 1.3s infinite ease-in-out 0.4s;
  animation: gKRhTX 1.3s infinite ease-in-out 0.4s;
}

.c5 {
  width: 33.33%;
  height: 33.33%;
  float: left;
  -webkit-animation: gKRhTX 1.3s infinite ease-in-out 0.1s;
  animation: gKRhTX 1.3s infinite ease-in-out 0.1s;
}

.c6 {
  width: 33.33%;
  height: 33.33%;
  float: left;
  -webkit-animation: gKRhTX 1.3s infinite ease-in-out 0s;
  animation: gKRhTX 1.3s infinite ease-in-out 0s;
}

.c0 {
  width: 40px;
  height: 40px;
  margin: 40px auto;
}

.c0 > .c1 {
  background-color: #333;
}

<div
  className="c0"
  color="#333"
  size={40}
>
  <div
    className="c1 c2"
  />
  <div
    className="c1 c3"
  />
  <div
    className="c1 c4"
  />
  <div
    className="c1 c5"
  />
  <div
    className="c1 c2"
  />
  <div
    className="c1 c3"
  />
  <div
    className="c1 c6"
  />
  <div
    className="c1 c5"
  />
  <div
    className="c1 c2"
  />
</div>
`;
