// Jest Snapshot v1, https://goo.gl/fbAQLP

exports[`render Child 1`] = `
.c0 {
  float: left;
  width: 50%;
  height: 50%;
  position: relative;
  -webkit-transform: scale(1.1) rotateZ(deg);
  -ms-transform: scale(1.1) rotateZ(deg);
  transform: scale(1.1) rotateZ(deg);
}

.c0:before {
  content: '';
  position: absolute;
  top: 0;
  left: 0;
  width: 100%;
  height: 100%;
  -webkit-animation: jiwbnC s infinite linear both s;
  animation: jiwbnC s infinite linear both s;
  -webkit-transform-origin: 100% 100%;
  -ms-transform-origin: 100% 100%;
  transform-origin: 100% 100%;
}

<div
  className="c0"
/>
`;

exports[`render Child second=true 1`] = `
.c0 {
  float: left;
  width: 50%;
  height: 50%;
  position: relative;
  -webkit-transform: scale(1.1) rotateZ(deg);
  -ms-transform: scale(1.1) rotateZ(deg);
  transform: scale(1.1) rotateZ(deg);
}

.c0:before {
  content: '';
  position: absolute;
  top: 0;
  left: 0;
  width: 100%;
  height: 100%;
  -webkit-animation: jiwbnC s infinite linear both s;
  animation: jiwbnC s infinite linear both s;
  -webkit-transform-origin: 100% 100%;
  -ms-transform-origin: 100% 100%;
  transform-origin: 100% 100%;
}

<div
  className="c0"
/>
`;

exports[`render without props 1`] = `
.c0 {
  width: 40px;
  height: 40px;
  margin: 40px auto;
  position: relative;
  -webkit-transform: rotateZ(45deg);
  -ms-transform: rotateZ(45deg);
  transform: rotateZ(45deg);
}

.c0 > .sc-bdVaJa:before {
  background-color: #333;
}

<div
  className="c0"
  color="#333"
  size={40}
/>
`;
