// Jest Snapshot v1, https://goo.gl/fbAQLP

exports[`render 1`] = `
.c0 {
  margin: 40px auto;
  width: 40px;
  height: 40px;
  position: relative;
}

.c0 > .c1::before {
  background-color: #333;
}

<div
  className="c0"
  color="#333"
  size={40}
/>
`;

exports[`render Child 1`] = `
.c0 {
  width: 100%;
  height: 100%;
  position: absolute;
  top: 0;
  left: 0;
  -webkit-transform: rotate(deg);
  -ms-transform: rotate(deg);
  transform: rotate(deg);
}

.c0::before {
  content: '';
  display: block;
  margin: 0 auto;
  width: 15%;
  height: 15%;
  border-radius: 100%;
  -webkit-animation: ctIBbK 1.2s ease-in-out s infinite both;
  animation: ctIBbK 1.2s ease-in-out s infinite both;
}

<div
  className="c0"
/>
`;
