// Jest Snapshot v1, https://goo.gl/fbAQLP

exports[`render without props 1`] = `
.c0 {
  margin: 40px auto;
  width: 50px;
  height: 40px;
  text-align: center;
  font-size: 10px;
}

.c0 > .c1 {
  background-color: #333;
  -webkit-animation-name: kCGIFG;
  animation-name: kCGIFG;
  -webkit-animation-duration: 0s;
  animation-duration: 0s;
  -webkit-animation-timing-function: ease-in-out;
  animation-timing-function: ease-in-out;
  -webkit-animation-iteration-count: infinite;
  animation-iteration-count: infinite;
}

<div
  className="c0"
  color="#333"
  size={40}
  speed={0}
/>
`;
